#-----------------------------------------------------------
# Vivado v2016.2 (64-bit)
# SW Build 1577090 on Thu Jun  2 16:32:40 MDT 2016
# IP Build 1577682 on Fri Jun  3 12:00:54 MDT 2016
# Start of session at: Mon Dec 25 11:49:54 2017
# Process ID: 7952
# Current directory: C:/Users/Nick/Desktop/School_Homework/SCU/COEN_210/Pipelined_CPU
# Command line: vivado.exe -gui_launcher_event rodinguilauncherevent7016 C:\Users\Nick\Desktop\School_Homework\SCU\COEN_210\Pipelined_CPU\Pipelined_CPU.xpr
# Log file: C:/Users/Nick/Desktop/School_Homework/SCU/COEN_210/Pipelined_CPU/vivado.log
# Journal file: C:/Users/Nick/Desktop/School_Homework/SCU/COEN_210/Pipelined_CPU\vivado.jou
#-----------------------------------------------------------
start_gui
open_project C:/Users/Nick/Desktop/School_Homework/SCU/COEN_210/Pipelined_CPU/Pipelined_CPU.xpr
update_compile_order -fileset sources_1
open_bd_design {C:/Users/Nick/Desktop/School_Homework/SCU/COEN_210/Pipelined_CPU/Pipelined_CPU.srcs/sources_1/bd/Pipelined_CPU/Pipelined_CPU.bd}
